
> paradise-premium-rentals@1.0.0 build
> vite build

[36mvite v8.0.1 [32mbuilding client environment for production...[36m[39m
[2K
node.exe : Found 1 warning 
while optimizing generated 
CSS:
En línea: 1 Carácter: 1
+ & "C:\Program 
Files\nodejs/node.exe" 
"C:\Program 
Files\nodejs/node_mo ...
+ ~~~~~~~~~~~~~~~~~~~~~~~~~~~~
~~~~~~~~~~~~~~~~~~~~~~~~~~~~~~
~~~~~~~~~~~
    + CategoryInfo          : 
    NotSpecified: (Found 1 w  
  arning... generated CSS::   
 String) [], RemoteExcepti    
on
    + FullyQualifiedErrorId : 
    NativeCommandError
 

[2mÔöé   }[22m
[2mÔöé }[22m
[2mÔöé[22m @import url('http
s://fonts.googleapis.com/css2?
family=Playfair+Display:ital,w
ght@0,400;0,600;0,700;0,800;0,
900;1,400;1,700&family=Inter:w
ght@300;400;500;600;700;800;90
0&display=swap');
[2mÔöå[22m        
[33m[2m^--[22m @import 
rules must precede all rules 
aside from @charset and 
@layer statements[39m
[2mÔöå[22m
[2mÔöé @layer base {[22m
[2mÔöé   html {[22m

transforming...Ô£ô 2353 modules transformed.
rendering chunks...
computing gzip size...
dist/index.html                   0.94 kB Ôöé gzip:   0.52 kB
dist/assets/index-x6mBlHNu.css   71.45 kB Ôöé gzip:  10.57 kB
dist/assets/index-BGq1RUtG.js   814.62 kB Ôöé gzip: 238.51 kB

[32mÔ£ô built in 1.91s[39m
[33m[plugin 
builtin:vite-reporter] 
(!) Some chunks are larger 
than 500 kB after 
minification. Consider:
- Using dynamic import() to 
code-split the application
- Use build.rolldownOptions.ou
tput.codeSplitting to improve 
chunking: https://rolldown.rs/
reference/OutputOptions.codeSp
litting
- Adjust chunk size limit for 
this warning via build.chunkSi
zeWarningLimit.[39m
